Γû▓ Next.js 16.1.6 (Turbopack)

  Creating an optimized production build ...
Γ£ô Compiled successfully in 2.0s
  Running TypeScript ...
node.exe : Failed to compile.
At line:1 char:1
+ & "C:\Program Files\nodejs/node.exe" "C:\Users\broug\AppData\Roaming\ ...
+ ~~~~~~~~~~~~~~~~~~~~~~~~~~~~~~~~~~~~~~~~~~~~~~~~~~~~~~~~~~~~~~~~~~~~~
    + CategoryInfo          : NotSpecified: (Failed to compile.:String) [], RemoteException
    + FullyQualifiedErrorId : NativeCommandError
 

./src/components/AgentVitals.tsx:23:79
Type error: Argument of type '{ devroux: { status: string; task: string; location: string; }; isaac: { status: string; 
task: string; location: string; }; charles: { status: string; task: string; location: string; }; max: { status: 
string; task: string; location: string; }; gabriel: { ...; }; ollie: { ...; }; silas: { ...; }; }' is not assignable 
to parameter of type 'Record<string, AgentStatus> | (() => Record<string, AgentStatus>)'.
  Type '{ devroux: { status: string; task: string; location: string; }; isaac: { status: string; task: string; 
location: string; }; charles: { status: string; task: string; location: string; }; max: { status: string; task: 
string; location: string; }; gabriel: { ...; }; ollie: { ...; }; silas: { ...; }; }' is not assignable to type 
'Record<string, AgentStatus>'.
    Property '"devroux"' is incompatible with index signature.
      Type '{ status: string; task: string; location: string; }' is not assignable to type 'AgentStatus'.
        Types of property 'status' are incompatible.
          Type 'string' is not assignable to type '"active" | "idle"'.

[0m [90m 21 |[39m
 [90m 22 |[39m [36mexport[39m [36mdefault[39m [36mfunction[39m [33mAgentVitals[39m() {
[31m[1m>[22m[39m[90m 23 |[39m   [36mconst[39m [agentStatus[33m,[39m setAgentStatus] [33m=[39m 
useState[33m<[39m[33mRecord[39m[33m<[39m[33mstring[39m[33m,[39m 
[33mAgentStatus[39m[33m>>[39m(initialStatus)[33m;[39m
 [90m    |[39m                                                                               [31m[1m^[22m[39m
 [90m 24 |[39m
 [90m 25 |[39m   [90m// Placeholder for real-time updates[39m
 [90m 26 |[39m   useEffect(() [33m=>[39m {[0m
Next.js build worker exited with code: 1 and signal: null
